================================================================
======== txAdmin v8.0.1 atop fxserver 25770 Starting - 14/03/2026 00:08:14
================================================================
================================================================
======== Log Rotated - 14/03/2026 00:08:15                      
================================================================
================================================================
======== txAdmin v8.0.1 atop fxserver 25770 Starting - 14/03/2026 00:08:25
================================================================
[00:12:06] txAdmin: Logger started
[00:17:25] [4eEdM#1] ELEMENTTT: joined with identifiers [steam:1100…031d, license:5332…4901, xbl:2535…6484, live:1688…3633, discord:1310…9444, license2:30c2…d480]
================================================================
======== txAdmin v8.0.1 atop fxserver 25770 Starting - 14/03/2026 00:22:15
================================================================
[00:27:26] txAdmin: Logger started
[00:28:49] [NM8Dg#1] ELEMENTTT: joined with identifiers [steam:1100…031d, license:5332…4901, xbl:2535…6484, live:1688…3633, discord:1310…9444, license2:30c2…d480]
================================================================
======== txAdmin v8.0.1 atop fxserver 25770 Starting - 14/03/2026 00:31:23
================================================================
================================================================
======== txAdmin v8.0.1 atop fxserver 25770 Starting - 14/03/2026 00:31:59
================================================================
[00:37:09] txAdmin: Logger started
[00:38:24] [ak6CM#1] ELEMENTTT: joined with identifiers [steam:1100…031d, license:5332…4901, xbl:2535…6484, live:1688…3633, discord:1310…9444, license2:30c2…d480]
================================================================
======== txAdmin v8.0.1 atop fxserver 25770 Starting - 14/03/2026 16:46:36
================================================================
